// Jest Snapshot v1, https://goo.gl/fbAQLP

exports[`<Users /> should render correctly 1`] = `
<div
  class="sc-AxjAm PKtaI pv-6"
>
  <div
    class="sc-AxiKw kEQWPf pa-8"
  >
    <form
      class="flex flex-row items-start -mh-4"
    >
      <div
        class="col ph-4"
      >
        <div
          class="mb-2"
        >
          
          <input
            class="StyledInput-ok3pz6-0 dIiHDz"
            id="search"
            placeholder="Search"
            value=""
          />
          <div
            class="h-4"
          />
        </div>
      </div>
      <div
        class="col-auto ph-4"
      >
        <button
          class="StyledButton-k0ad56-0 kmtuFU"
          type="submit"
        >
          <span
            class="ContentWrapper-juvto2-0 JtTDb"
          >
            Search
          </span>
        </button>
      </div>
    </form>
    <div>
      <h5
        class="StyledHeading-fbinjh-0 iIdOeV"
        color="default"
      >
        Results:
      </h5>
      <ul />
    </div>
  </div>
</div>
`;
