// Jest Snapshot v1, https://goo.gl/fbAQLP

exports[`fetchUsers reducer return initial state 1`] = `
Object {
  "data": Object {},
  "requests": Object {
    "fetchUser": Object {
      "error": Object {},
      "initialLoad": true,
      "loading": false,
      "succeeded": false,
    },
    "fetchUsers": Object {
      "error": Object {},
      "initialLoad": true,
      "loading": false,
      "succeeded": false,
    },
  },
}
`;
